[sites.google.com/view/buy-download-beats/home05ba.html]
[lh4.googleusercontent.com/WayGee (1).png]
[backblue.gif]
[fade.gif]
[index.html]
[ssl.gstatic.com/atari/images/impression-header.png]
[sites.google.com/view/buy-download-beats/home.71c61.delayed]
[apis.google.com/js/clientc932.js]
[sites.google.com/view/buy-download-beats/home.html]
[lh4.googleusercontent.com/WayGee (1)-2.png]
[sites.google.com/view/buy-download-beats/contact.html]
[sites.google.com/view/buy-download-beats/faq.html]
[sites.google.com/view/buy-download-beats/blog.html]
[sites.google.com/view/buy-download-beats/beats.html]
[sites.google.com/view/buy-download-beats/_https_/player.beatstars.com/index9fa9.html]
[lh5.googleusercontent.com/alex-bracken-lOGJufYD_B8-unsplash.jpg]
[lh6.googleusercontent.com/nick-fewings-3E_Zad7Slbk-unsplash.jpg]
[lh6.googleusercontent.com/priscilla-du-preez-ZY3HxtmwAvE-unsplash.jpg]
[lh5.googleusercontent.com/randy-tarampi-U2eUlPEKIgU-unsplash.jpg]
[lh4.googleusercontent.com/mika-baumeister-Y_LgXwQEx2c-unsplash.jpg]
[lh5.googleusercontent.com/hello-i-m-nik-z1d-LP8sjuI-unsplash.jpg]
[sites.google.com/view/buy-download-beats/home05ba.html]
[fonts.googleapis.com/css902f.css]
[fonts.googleapis.com/css9f00.css]
[fonts.googleapis.com/css5628.css]
[www.gstatic.com/_/atari/_/ss/k=atari.vw.FvHEWtFAHlA.L.X.O/d=1/rs=AGEqA5mjopTPEjLZ4T84PQ4H7J8n8yvr6w.css]
[sites.google.com/view/buy-download-beats/home1c61.html]
[sites.google.com/view/buy-download-beats/home.html]
[sites.google.com/view/buy-download-beats/contact.html]
[lh4.googleusercontent.com/FAQ.png]
[sites.google.com/view/buy-download-beats/faq.html]
[sites.google.com/view/buy-download-beats/blog.html]
[sites.google.com/view/buy-download-beats/beats.html]
[sites.google.com/view/buy-download-beats/_https_/player.beatstars.com/index9fa9.html]
[fonts.googleapis.com/css1b61.css]
[lh6.googleusercontent.com/O8M1g1VKgmnCXYwkx4qay5w7PHQqZR9BQdjO3sc64-6Qao8X7K0HpqefSTS9i8V5gdynCMhaApm7bwzQsbxyD3o=w16383.html]
[lh4.googleusercontent.com/WayGee (1)-2.png]
[sites.google.com/view/buy-download-beats/home1c61.html]
[lh5.googleusercontent.com/alex-bracken-lOGJufYD_B8-unsplash.jpg]
[lh6.googleusercontent.com/nick-fewings-3E_Zad7Slbk-unsplash.jpg]
[ssl.gstatic.com/atari/images/impression-header.png]
[fonts.googleapis.com/css1b61.css]
[lh6.googleusercontent.com/O8M1g1VKgmnCXYwkx4qay5w7PHQqZR9BQdjO3sc64-6Qao8X7K0HpqefSTS9i8V5gdynCMhaApm7bwzQsbxyD3o=w16383.html]
[sites.google.com/view/buy-download-beats/home.html]
[sites.google.com/view/buy-download-beats/contact.html]
